------------------------------------
Reading input data for simulation 1.
------------------------------------

	RUN_CELLS
	 -cells 0-2
--------------------------
Beginning of run as cells.
--------------------------

-----------------------------------------
Beginning of batch-reaction calculations.
-----------------------------------------

Reaction step 1.

Using solution 1.	

-----------------------------Solution composition------------------------------

	Elements           Molality       Moles

	C                2.066e-004  2.058e-004
	Ca               2.066e-004  2.058e-004
	Cl               4.358e-002  4.342e-002
	Na               4.358e-002  4.342e-002

----------------------------Description of solution----------------------------

                                       pH  =   9.926      Charge balance
                                       pe  =  -4.582      Adjusted to redox equilibrium
       Specific Conductance (µS/cm, 25°C)  = 4951
                          Density (g/cm³)  =   0.99887
                               Volume (L)  =   1.00000
                        Activity of water  =   0.999
                           Ionic strength  =  4.423e-002
                       Mass of water (kg)  =  9.963e-001
                 Total alkalinity (eq/kg)  =  4.132e-004
                       Total CO2 (mol/kg)  =  2.066e-004
                         Temperature (°C)  =  25.00
                  Electrical balance (eq)  =  1.147e-013
 Percent error, 100*(Cat-|An|)/(Cat+|An|)  =   0.00
                               Iterations  =  13
                                  Total H  = 1.106028e+002
                                  Total O  = 5.530202e+001

----------------------------Distribution of species----------------------------

                                               Log       Log       Log    mole V
   Species          Molality    Activity  Molality  Activity     Gamma   cm³/mol

   OH-            1.040e-004  8.526e-005    -3.983    -4.069    -0.086     -3.89
   H+             1.380e-010  1.185e-010    -9.860    -9.926    -0.066      0.00
   H2O            5.551e+001  9.985e-001     1.744    -0.001     0.000     18.07
C(-4)        9.790e-027
   CH4            9.790e-027  9.890e-027   -26.009   -26.005     0.004     32.22
C(4)         2.066e-004
   HCO3-          1.023e-004  8.545e-005    -3.990    -4.068    -0.078     24.95
   CO3-2          6.941e-005  3.380e-005    -4.159    -4.471    -0.312     -4.58
   NaCO3-         2.753e-005  2.280e-005    -4.560    -4.642    -0.082     -0.66
   CaCO3          5.508e-006  5.565e-006    -5.259    -5.255     0.004    -14.60
   NaHCO3         1.723e-006  1.741e-006    -5.764    -5.759     0.004      1.80
   CaHCO3+        1.272e-007  1.068e-007    -6.895    -6.971    -0.076      9.79
   CO2            2.258e-008  2.281e-008    -7.646    -7.642     0.004     29.09
Ca           2.066e-004
   Ca+2           2.008e-004  9.799e-005    -3.697    -4.009    -0.312    -17.65
   CaCO3          5.508e-006  5.565e-006    -5.259    -5.255     0.004    -14.60
   CaOH+          1.654e-007  1.370e-007    -6.781    -6.863    -0.082     (0)  
   CaHCO3+        1.272e-007  1.068e-007    -6.895    -6.971    -0.076      9.79
Cl           4.358e-002
   Cl-            4.358e-002  3.584e-002    -1.361    -1.446    -0.085     18.24
H(0)         2.871e-014
   H2             1.435e-014  1.450e-014   -13.843   -13.839     0.004     28.61
Na           4.358e-002
   Na+            4.356e-002  3.622e-002    -1.361    -1.441    -0.080     -1.23
   NaCO3-         2.753e-005  2.280e-005    -4.560    -4.642    -0.082     -0.66
   NaHCO3         1.723e-006  1.741e-006    -5.764    -5.759     0.004      1.80
   NaOH           3.057e-016  3.088e-016   -15.515   -15.510     0.004     (0)  
O(0)         0.000e+000
   O2             0.000e+000  0.000e+000   -64.709   -64.704     0.004     30.40

------------------------------Saturation indices-------------------------------

  Phase               SI** log IAP   log K(298 K,   1 atm)

  Aragonite        -0.14     -8.48   -8.34  CaCO3
  Calcite           0.00     -8.48   -8.48  CaCO3
  CH4(g)          -23.16    -26.00   -2.84  CH4
  CO2(g)           -6.18     -7.64   -1.46  CO2
  H2(g)           -10.74    -13.84   -3.10  H2
  H2O(g)           -1.50     -0.00    1.50  H2O
  Halite           -4.46     -2.89    1.57  NaCl
  O2(g)           -61.81    -64.70   -2.89  O2

**For a gas, SI = log10(fugacity). Fugacity = pressure * phi / 1 atm.
  For ideal gases, phi = 1.

-----------------------------------------
Beginning of batch-reaction calculations.
-----------------------------------------

Reaction step 1.

Using solution 2.	

-----------------------------Solution composition------------------------------

	Elements           Molality       Moles

	Cl               1.062e+000  1.038e+000
	Na               1.062e+000  1.038e+000

----------------------------Description of solution----------------------------

                                       pH  =   6.950      Charge balance
                                       pe  =  -0.752      Adjusted to redox equilibrium
       Specific Conductance (µS/cm, 25°C)  = 86932
                          Density (g/cm³)  =   1.03837
                               Volume (L)  =   1.00000
                        Activity of water  =   0.964
                           Ionic strength  =  1.062e+000
                       Mass of water (kg)  =  9.777e-001
                 Total alkalinity (eq/kg)  = -7.365e-017
                    Total carbon (mol/kg)  =  0.000e+000
                       Total CO2 (mol/kg)  =  0.000e+000
                         Temperature (°C)  =  25.00
                  Electrical balance (eq)  = -3.525e-012
 Percent error, 100*(Cat-|An|)/(Cat+|An|)  =  -0.00
                               Iterations  =   9
                                  Total H  = 1.085353e+002
                                  Total O  = 5.426764e+001

----------------------------Distribution of species----------------------------

                                               Log       Log       Log    mole V
   Species          Molality    Activity  Molality  Activity     Gamma   cm³/mol

   H+             1.513e-007  1.122e-007    -6.820    -6.950    -0.130      0.00
   OH-            1.513e-007  8.695e-008    -6.820    -7.061    -0.241     -2.01
   H2O            5.551e+001  9.639e-001     1.744    -0.016     0.000     18.07
Cl           1.062e+000
   Cl-            1.062e+000  6.433e-001     0.026    -0.192    -0.218     18.97
H(0)         4.447e-016
   H2             2.223e-016  2.839e-016   -15.653   -15.547     0.106     28.61
Na           1.062e+000
   Na+            1.062e+000  7.807e-001     0.026    -0.107    -0.134     -0.27
   NaOH           5.316e-018  6.789e-018   -17.274   -17.168     0.106     (0)  
O(0)         0.000e+000
   O2             0.000e+000  0.000e+000   -61.425   -61.318     0.106     30.40

------------------------------Saturation indices-------------------------------

  Phase               SI** log IAP   log K(298 K,   1 atm)

  H2(g)           -12.45    -15.55   -3.10  H2
  H2O(g)           -1.52     -0.02    1.50  H2O
  Halite           -1.87     -0.30    1.57  NaCl
  O2(g)           -58.43    -61.32   -2.89  O2

**For a gas, SI = log10(fugacity). Fugacity = pressure * phi / 1 atm.
  For ideal gases, phi = 1.

------------------
End of simulation.
------------------

------------------------------------
Reading input data for simulation 2.
------------------------------------

-------------------------------
End of Run after 2.114 Seconds.
-------------------------------

